[0m10:03:08.064355 [debug] [MainThread]: Sending event: {'category': 'dbt', 'action': 'invocation', 'label': 'start', 'context': [<snowplow_tracker.self_describing_json.SelfDescribingJson object at 0x1128ee400>, <snowplow_tracker.self_describing_json.SelfDescribingJson object at 0x113736c10>, <snowplow_tracker.self_describing_json.SelfDescribingJson object at 0x113736dc0>]}


============================== 10:03:08.082232 | d642de27-4eec-4205-94dc-095016f39c22 ==============================
[0m10:03:08.082232 [info ] [MainThread]: Running with dbt=1.9.0
[0m10:03:08.084889 [debug] [MainThread]: running dbt with arguments {'printer_width': '80', 'indirect_selection': 'eager', 'write_json': 'True', 'log_cache_events': 'False', 'partial_parse': 'True', 'cache_selected_only': 'False', 'warn_error': 'None', 'debug': 'False', 'profiles_dir': '/Users/nuri/Documents/Projects/dbt-studio/assets/dbt_sample', 'log_path': '/Users/nuri/Documents/Projects/dbt-studio/assets/dbt_sample/logs', 'fail_fast': 'False', 'version_check': 'True', 'use_colors': 'True', 'use_experimental_parser': 'False', 'no_print': 'None', 'quiet': 'False', 'empty': 'None', 'log_format': 'default', 'introspect': 'True', 'invocation_command': 'dbt ', 'static_parser': 'True', 'target_path': 'None', 'warn_error_options': 'WarnErrorOptions(include=[], exclude=[])', 'send_anonymous_usage_stats': 'True'}
[0m10:03:08.407665 [debug] [MainThread]: Sending event: {'category': 'dbt', 'action': 'project_id', 'label': 'd642de27-4eec-4205-94dc-095016f39c22', 'context': [<snowplow_tracker.self_describing_json.SelfDescribingJson object at 0x1136e4340>]}
[0m10:03:08.479090 [info ] [MainThread]: Warning: No packages were found in packages.yml
[0m10:03:08.482765 [info ] [MainThread]: Warning: No packages were found in packages.yml
[0m10:03:08.492795 [debug] [MainThread]: Resource report: {"command_name": "deps", "command_success": true, "command_wall_clock_time": 0.6224087, "process_in_blocks": "0", "process_kernel_time": 0.588778, "process_mem_max_rss": "91250688", "process_out_blocks": "0", "process_user_time": 3.248886}
[0m10:03:08.493841 [debug] [MainThread]: Command `cli deps` succeeded at 10:03:08.493633 after 0.62 seconds
[0m10:03:08.494851 [debug] [MainThread]: Sending event: {'category': 'dbt', 'action': 'invocation', 'label': 'end', 'context': [<snowplow_tracker.self_describing_json.SelfDescribingJson object at 0x1128ee400>, <snowplow_tracker.self_describing_json.SelfDescribingJson object at 0x11386f460>, <snowplow_tracker.self_describing_json.SelfDescribingJson object at 0x1136e4340>]}
[0m10:03:08.495632 [debug] [MainThread]: Flushing usage events
[0m10:03:09.303645 [debug] [MainThread]: An error was encountered while trying to flush usage events
[0m10:07:31.393970 [debug] [MainThread]: Sending event: {'category': 'dbt', 'action': 'invocation', 'label': 'start', 'context': [<snowplow_tracker.self_describing_json.SelfDescribingJson object at 0x105ec8460>, <snowplow_tracker.self_describing_json.SelfDescribingJson object at 0x106d10be0>, <snowplow_tracker.self_describing_json.SelfDescribingJson object at 0x106d10d90>]}


============================== 10:07:31.402960 | 18ffe395-5c9e-42b6-9f59-39ed87620e0b ==============================
[0m10:07:31.402960 [info ] [MainThread]: Running with dbt=1.9.0
[0m10:07:31.403922 [debug] [MainThread]: running dbt with arguments {'printer_width': '80', 'indirect_selection': 'eager', 'write_json': 'True', 'log_cache_events': 'False', 'partial_parse': 'True', 'cache_selected_only': 'False', 'profiles_dir': '/Users/nuri/Documents/Projects/dbt-studio/assets/dbt_sample', 'fail_fast': 'False', 'warn_error': 'None', 'log_path': '/Users/nuri/Documents/Projects/dbt-studio/assets/dbt_sample/logs', 'version_check': 'True', 'debug': 'False', 'use_colors': 'True', 'use_experimental_parser': 'False', 'no_print': 'None', 'quiet': 'False', 'empty': 'None', 'warn_error_options': 'WarnErrorOptions(include=[], exclude=[])', 'introspect': 'True', 'invocation_command': 'dbt ', 'static_parser': 'True', 'target_path': 'None', 'log_format': 'default', 'send_anonymous_usage_stats': 'True'}
[0m10:07:31.584116 [debug] [MainThread]: Sending event: {'category': 'dbt', 'action': 'project_id', 'label': '18ffe395-5c9e-42b6-9f59-39ed87620e0b', 'context': [<snowplow_tracker.self_describing_json.SelfDescribingJson object at 0x106b57760>]}
[0m10:07:31.632634 [info ] [MainThread]: Warning: No packages were found in packages.yml
[0m10:07:31.636919 [info ] [MainThread]: Warning: No packages were found in packages.yml
[0m10:07:31.648491 [debug] [MainThread]: Resource report: {"command_name": "deps", "command_success": true, "command_wall_clock_time": 0.38295436, "process_in_blocks": "0", "process_kernel_time": 0.355148, "process_mem_max_rss": "90968064", "process_out_blocks": "0", "process_user_time": 2.000781}
[0m10:07:31.649328 [debug] [MainThread]: Command `cli deps` succeeded at 10:07:31.649151 after 0.38 seconds
[0m10:07:31.649928 [debug] [MainThread]: Sending event: {'category': 'dbt', 'action': 'invocation', 'label': 'end', 'context': [<snowplow_tracker.self_describing_json.SelfDescribingJson object at 0x105ec8460>, <snowplow_tracker.self_describing_json.SelfDescribingJson object at 0x106e49490>, <snowplow_tracker.self_describing_json.SelfDescribingJson object at 0x106b57760>]}
[0m10:07:31.650549 [debug] [MainThread]: Flushing usage events
[0m10:07:32.388684 [debug] [MainThread]: An error was encountered while trying to flush usage events
[0m13:45:07.218377 [debug] [MainThread]: Sending event: {'category': 'dbt', 'action': 'invocation', 'label': 'start', 'context': [<snowplow_tracker.self_describing_json.SelfDescribingJson object at 0x10777e370>, <snowplow_tracker.self_describing_json.SelfDescribingJson object at 0x1085bfb50>, <snowplow_tracker.self_describing_json.SelfDescribingJson object at 0x1085bfd00>]}


============================== 13:45:07.224342 | 60e482d2-9bd8-478c-b39d-745ba9369658 ==============================
[0m13:45:07.224342 [info ] [MainThread]: Running with dbt=1.9.0
[0m13:45:07.225381 [debug] [MainThread]: running dbt with arguments {'printer_width': '80', 'indirect_selection': 'eager', 'write_json': 'True', 'log_cache_events': 'False', 'partial_parse': 'True', 'cache_selected_only': 'False', 'profiles_dir': '/Users/nuri/Documents/Projects/dbt-studio/assets/dbt_sample', 'version_check': 'True', 'fail_fast': 'False', 'log_path': '/Users/nuri/Documents/Projects/dbt-studio/assets/dbt_sample/logs', 'warn_error': 'None', 'debug': 'False', 'use_colors': 'True', 'use_experimental_parser': 'False', 'no_print': 'None', 'quiet': 'False', 'empty': 'None', 'warn_error_options': 'WarnErrorOptions(include=[], exclude=[])', 'static_parser': 'True', 'introspect': 'True', 'invocation_command': 'dbt ', 'target_path': 'None', 'log_format': 'default', 'send_anonymous_usage_stats': 'True'}
[0m13:45:07.368817 [debug] [MainThread]: Sending event: {'category': 'dbt', 'action': 'project_id', 'label': '60e482d2-9bd8-478c-b39d-745ba9369658', 'context': [<snowplow_tracker.self_describing_json.SelfDescribingJson object at 0x1085bf1f0>]}
[0m13:45:07.386449 [info ] [MainThread]: Warning: No packages were found in packages.yml
[0m13:45:07.387860 [info ] [MainThread]: Warning: No packages were found in packages.yml
[0m13:45:07.392008 [debug] [MainThread]: Resource report: {"command_name": "deps", "command_success": true, "command_wall_clock_time": 0.25528446, "process_in_blocks": "0", "process_kernel_time": 0.179321, "process_mem_max_rss": "90980352", "process_out_blocks": "0", "process_user_time": 1.71518}
[0m13:45:07.392594 [debug] [MainThread]: Command `cli deps` succeeded at 13:45:07.392465 after 0.26 seconds
[0m13:45:07.393037 [debug] [MainThread]: Sending event: {'category': 'dbt', 'action': 'invocation', 'label': 'end', 'context': [<snowplow_tracker.self_describing_json.SelfDescribingJson object at 0x10777e370>, <snowplow_tracker.self_describing_json.SelfDescribingJson object at 0x1087003d0>, <snowplow_tracker.self_describing_json.SelfDescribingJson object at 0x1085bf1f0>]}
[0m13:45:07.393494 [debug] [MainThread]: Flushing usage events
[0m13:45:08.080952 [debug] [MainThread]: An error was encountered while trying to flush usage events
[0m10:49:19.158712 [debug] [MainThread]: Sending event: {'category': 'dbt', 'action': 'invocation', 'label': 'start', 'context': [<snowplow_tracker.self_describing_json.SelfDescribingJson object at 0x1047a7280>, <snowplow_tracker.self_describing_json.SelfDescribingJson object at 0x1055ee4c0>, <snowplow_tracker.self_describing_json.SelfDescribingJson object at 0x1055ee310>]}


============================== 10:49:19.169654 | f87d6e2d-e584-4f24-8c7d-ecb2d1826bc3 ==============================
[0m10:49:19.169654 [info ] [MainThread]: Running with dbt=1.9.0
[0m10:49:19.171554 [debug] [MainThread]: running dbt with arguments {'printer_width': '80', 'indirect_selection': 'eager', 'log_cache_events': 'False', 'write_json': 'True', 'partial_parse': 'True', 'cache_selected_only': 'False', 'warn_error': 'None', 'version_check': 'True', 'debug': 'False', 'log_path': '/Users/nuri/Documents/Projects/dbt-studio/assets/dbt_sample/logs', 'fail_fast': 'False', 'profiles_dir': '/Users/nuri/Documents/Projects/dbt-studio/assets/dbt_sample', 'use_colors': 'True', 'use_experimental_parser': 'False', 'empty': 'None', 'quiet': 'False', 'no_print': 'None', 'warn_error_options': 'WarnErrorOptions(include=[], exclude=[])', 'introspect': 'True', 'static_parser': 'True', 'log_format': 'default', 'target_path': 'None', 'invocation_command': 'dbt ', 'send_anonymous_usage_stats': 'True'}
[0m10:49:19.496464 [debug] [MainThread]: Sending event: {'category': 'dbt', 'action': 'project_id', 'label': 'f87d6e2d-e584-4f24-8c7d-ecb2d1826bc3', 'context': [<snowplow_tracker.self_describing_json.SelfDescribingJson object at 0x1055eee20>]}
[0m10:49:19.719814 [info ] [MainThread]: Warning: No packages were found in packages.yml
[0m10:49:19.724655 [info ] [MainThread]: Warning: No packages were found in packages.yml
[0m10:49:19.758614 [debug] [MainThread]: Resource report: {"command_name": "deps", "command_success": true, "command_wall_clock_time": 0.8763698, "process_in_blocks": "0", "process_kernel_time": 0.639049, "process_mem_max_rss": "91332608", "process_out_blocks": "0", "process_user_time": 3.616328}
[0m10:49:19.761912 [debug] [MainThread]: Command `cli deps` succeeded at 10:49:19.761546 after 0.88 seconds
[0m10:49:19.763290 [debug] [MainThread]: Sending event: {'category': 'dbt', 'action': 'invocation', 'label': 'end', 'context': [<snowplow_tracker.self_describing_json.SelfDescribingJson object at 0x1047a7280>, <snowplow_tracker.self_describing_json.SelfDescribingJson object at 0x10572a2e0>, <snowplow_tracker.self_describing_json.SelfDescribingJson object at 0x1055eee20>]}
[0m10:49:19.764576 [debug] [MainThread]: Flushing usage events
[0m10:49:20.794015 [debug] [MainThread]: An error was encountered while trying to flush usage events
[0m09:45:23.404419 [debug] [MainThread]: Sending event: {'category': 'dbt', 'action': 'invocation', 'label': 'start', 'context': [<snowplow_tracker.self_describing_json.SelfDescribingJson object at 0x10aaab400>, <snowplow_tracker.self_describing_json.SelfDescribingJson object at 0x10b8f3c10>, <snowplow_tracker.self_describing_json.SelfDescribingJson object at 0x10b8f3dc0>]}


============================== 09:45:23.417548 | 7d04e86a-3739-46a0-81f8-5299dad493cf ==============================
[0m09:45:23.417548 [info ] [MainThread]: Running with dbt=1.9.0
[0m09:45:23.418561 [debug] [MainThread]: running dbt with arguments {'printer_width': '80', 'indirect_selection': 'eager', 'write_json': 'True', 'log_cache_events': 'False', 'partial_parse': 'True', 'cache_selected_only': 'False', 'profiles_dir': '/Users/nuri/Documents/Projects/dbt-studio/assets/dbt_sample', 'version_check': 'True', 'warn_error': 'None', 'log_path': '/Users/nuri/Documents/Projects/dbt-studio/assets/dbt_sample/logs', 'debug': 'False', 'fail_fast': 'False', 'use_colors': 'True', 'use_experimental_parser': 'False', 'no_print': 'None', 'quiet': 'False', 'empty': 'None', 'warn_error_options': 'WarnErrorOptions(include=[], exclude=[])', 'static_parser': 'True', 'invocation_command': 'dbt ', 'introspect': 'True', 'target_path': 'None', 'log_format': 'default', 'send_anonymous_usage_stats': 'True'}
[0m09:45:23.657047 [debug] [MainThread]: Sending event: {'category': 'dbt', 'action': 'project_id', 'label': '7d04e86a-3739-46a0-81f8-5299dad493cf', 'context': [<snowplow_tracker.self_describing_json.SelfDescribingJson object at 0x10b8f32b0>]}
[0m09:45:23.709930 [info ] [MainThread]: Warning: No packages were found in packages.yml
[0m09:45:23.711781 [info ] [MainThread]: Warning: No packages were found in packages.yml
[0m09:45:23.723177 [debug] [MainThread]: Resource report: {"command_name": "deps", "command_success": true, "command_wall_clock_time": 0.46037695, "process_in_blocks": "0", "process_kernel_time": 0.317231, "process_mem_max_rss": "91389952", "process_out_blocks": "0", "process_user_time": 1.898078}
[0m09:45:23.723969 [debug] [MainThread]: Command `cli deps` succeeded at 09:45:23.723799 after 0.46 seconds
[0m09:45:23.724534 [debug] [MainThread]: Sending event: {'category': 'dbt', 'action': 'invocation', 'label': 'end', 'context': [<snowplow_tracker.self_describing_json.SelfDescribingJson object at 0x10aaab400>, <snowplow_tracker.self_describing_json.SelfDescribingJson object at 0x10ba2c460>, <snowplow_tracker.self_describing_json.SelfDescribingJson object at 0x10b8f32b0>]}
[0m09:45:23.725128 [debug] [MainThread]: Flushing usage events
[0m09:45:24.882918 [debug] [MainThread]: An error was encountered while trying to flush usage events
[0m09:57:26.251397 [debug] [MainThread]: Sending event: {'category': 'dbt', 'action': 'invocation', 'label': 'start', 'context': [<snowplow_tracker.self_describing_json.SelfDescribingJson object at 0x10eefe400>, <snowplow_tracker.self_describing_json.SelfDescribingJson object at 0x10fd47b80>, <snowplow_tracker.self_describing_json.SelfDescribingJson object at 0x10fd47d30>]}


============================== 09:57:26.259734 | 58857019-ffea-4847-997e-aba027ada07f ==============================
[0m09:57:26.259734 [info ] [MainThread]: Running with dbt=1.9.0
[0m09:57:26.260643 [debug] [MainThread]: running dbt with arguments {'printer_width': '80', 'indirect_selection': 'eager', 'write_json': 'True', 'log_cache_events': 'False', 'partial_parse': 'True', 'cache_selected_only': 'False', 'warn_error': 'None', 'debug': 'False', 'fail_fast': 'False', 'log_path': '/Users/nuri/Documents/Projects/dbt-studio/assets/dbt_sample/logs', 'version_check': 'True', 'profiles_dir': '/Users/nuri/Documents/Projects/dbt-studio/assets/dbt_sample', 'use_colors': 'True', 'use_experimental_parser': 'False', 'no_print': 'None', 'quiet': 'False', 'empty': 'None', 'log_format': 'default', 'introspect': 'True', 'invocation_command': 'dbt ', 'static_parser': 'True', 'target_path': 'None', 'warn_error_options': 'WarnErrorOptions(include=[], exclude=[])', 'send_anonymous_usage_stats': 'True'}
[0m09:57:26.430942 [debug] [MainThread]: Sending event: {'category': 'dbt', 'action': 'project_id', 'label': '58857019-ffea-4847-997e-aba027ada07f', 'context': [<snowplow_tracker.self_describing_json.SelfDescribingJson object at 0x10fd94430>]}
[0m09:57:26.474043 [info ] [MainThread]: Warning: No packages were found in packages.yml
[0m09:57:26.476114 [info ] [MainThread]: Warning: No packages were found in packages.yml
[0m09:57:26.482087 [debug] [MainThread]: Resource report: {"command_name": "deps", "command_success": true, "command_wall_clock_time": 0.34067565, "process_in_blocks": "0", "process_kernel_time": 0.379386, "process_mem_max_rss": "90984448", "process_out_blocks": "0", "process_user_time": 2.080811}
[0m09:57:26.482839 [debug] [MainThread]: Command `cli deps` succeeded at 09:57:26.482674 after 0.34 seconds
[0m09:57:26.483398 [debug] [MainThread]: Sending event: {'category': 'dbt', 'action': 'invocation', 'label': 'end', 'context': [<snowplow_tracker.self_describing_json.SelfDescribingJson object at 0x10eefe400>, <snowplow_tracker.self_describing_json.SelfDescribingJson object at 0x10fe7b430>, <snowplow_tracker.self_describing_json.SelfDescribingJson object at 0x10fd94430>]}
[0m09:57:26.483983 [debug] [MainThread]: Flushing usage events
[0m09:57:27.493434 [debug] [MainThread]: An error was encountered while trying to flush usage events
[0m09:58:12.456942 [debug] [MainThread]: Sending event: {'category': 'dbt', 'action': 'invocation', 'label': 'start', 'context': [<snowplow_tracker.self_describing_json.SelfDescribingJson object at 0x10be8b430>, <snowplow_tracker.self_describing_json.SelfDescribingJson object at 0x10d189b50>, <snowplow_tracker.self_describing_json.SelfDescribingJson object at 0x10d189d00>]}


============================== 09:58:12.471620 | a3f5a6b2-d399-40ff-b3e3-c9eef01cc3a8 ==============================
[0m09:58:12.471620 [info ] [MainThread]: Running with dbt=1.9.0
[0m09:58:12.472594 [debug] [MainThread]: running dbt with arguments {'printer_width': '80', 'indirect_selection': 'eager', 'log_cache_events': 'False', 'write_json': 'True', 'partial_parse': 'True', 'cache_selected_only': 'False', 'warn_error': 'None', 'version_check': 'True', 'debug': 'False', 'log_path': '/Users/nuri/Documents/Projects/dbt-studio/assets/dbt_sample/logs', 'fail_fast': 'False', 'profiles_dir': '/Users/nuri/Documents/Projects/dbt-studio/assets/dbt_sample', 'use_colors': 'True', 'use_experimental_parser': 'False', 'empty': 'None', 'quiet': 'False', 'no_print': 'None', 'warn_error_options': 'WarnErrorOptions(include=[], exclude=[])', 'static_parser': 'True', 'introspect': 'True', 'log_format': 'default', 'target_path': 'None', 'invocation_command': 'dbt ', 'send_anonymous_usage_stats': 'True'}
[0m09:58:12.660874 [debug] [MainThread]: Sending event: {'category': 'dbt', 'action': 'project_id', 'label': 'a3f5a6b2-d399-40ff-b3e3-c9eef01cc3a8', 'context': [<snowplow_tracker.self_describing_json.SelfDescribingJson object at 0x10d1e21f0>]}
[0m09:58:12.730312 [info ] [MainThread]: Warning: No packages were found in packages.yml
[0m09:58:12.732253 [info ] [MainThread]: Warning: No packages were found in packages.yml
[0m09:58:12.744376 [debug] [MainThread]: Resource report: {"command_name": "deps", "command_success": true, "command_wall_clock_time": 0.58432925, "process_in_blocks": "0", "process_kernel_time": 0.413091, "process_mem_max_rss": "91242496", "process_out_blocks": "0", "process_user_time": 2.094238}
[0m09:58:12.745181 [debug] [MainThread]: Command `cli deps` succeeded at 09:58:12.745008 after 0.59 seconds
[0m09:58:12.745771 [debug] [MainThread]: Sending event: {'category': 'dbt', 'action': 'invocation', 'label': 'end', 'context': [<snowplow_tracker.self_describing_json.SelfDescribingJson object at 0x10be8b430>, <snowplow_tracker.self_describing_json.SelfDescribingJson object at 0x10d2c1490>, <snowplow_tracker.self_describing_json.SelfDescribingJson object at 0x10d1e21f0>]}
[0m09:58:12.746387 [debug] [MainThread]: Flushing usage events
[0m09:58:13.465127 [debug] [MainThread]: An error was encountered while trying to flush usage events
[0m20:20:17.665037 [debug] [MainThread]: Sending event: {'category': 'dbt', 'action': 'invocation', 'label': 'start', 'context': [<snowplow_tracker.self_describing_json.SelfDescribingJson object at 0x112df2400>, <snowplow_tracker.self_describing_json.SelfDescribingJson object at 0x113c3bc10>, <snowplow_tracker.self_describing_json.SelfDescribingJson object at 0x113c3bdc0>]}


============================== 20:20:17.734593 | 923f2df2-47b6-402e-ab79-8134d8151acd ==============================
[0m20:20:17.734593 [info ] [MainThread]: Running with dbt=1.9.0
[0m20:20:17.735465 [debug] [MainThread]: running dbt with arguments {'printer_width': '80', 'indirect_selection': 'eager', 'log_cache_events': 'False', 'write_json': 'True', 'partial_parse': 'True', 'cache_selected_only': 'False', 'warn_error': 'None', 'version_check': 'True', 'fail_fast': 'False', 'log_path': '/Users/nuri/Documents/Projects/dbt-studio/assets/dbt_sample/logs', 'profiles_dir': '/Users/nuri/Documents/Projects/dbt-studio/assets/dbt_sample', 'debug': 'False', 'use_colors': 'True', 'use_experimental_parser': 'False', 'empty': 'None', 'quiet': 'False', 'no_print': 'None', 'log_format': 'default', 'introspect': 'True', 'static_parser': 'True', 'invocation_command': 'dbt ', 'target_path': 'None', 'warn_error_options': 'WarnErrorOptions(include=[], exclude=[])', 'send_anonymous_usage_stats': 'True'}
[0m20:20:17.901153 [debug] [MainThread]: Sending event: {'category': 'dbt', 'action': 'project_id', 'label': '923f2df2-47b6-402e-ab79-8134d8151acd', 'context': [<snowplow_tracker.self_describing_json.SelfDescribingJson object at 0x113be7340>]}
[0m20:20:18.101138 [info ] [MainThread]: Warning: No packages were found in packages.yml
[0m20:20:18.103062 [info ] [MainThread]: Warning: No packages were found in packages.yml
[0m20:20:18.156762 [debug] [MainThread]: Resource report: {"command_name": "deps", "command_success": true, "command_wall_clock_time": 0.6158079, "process_in_blocks": "0", "process_kernel_time": 0.353989, "process_mem_max_rss": "91447296", "process_out_blocks": "0", "process_user_time": 2.027213}
[0m20:20:18.157663 [debug] [MainThread]: Command `cli deps` succeeded at 20:20:18.157360 after 0.62 seconds
[0m20:20:18.158318 [debug] [MainThread]: Sending event: {'category': 'dbt', 'action': 'invocation', 'label': 'end', 'context': [<snowplow_tracker.self_describing_json.SelfDescribingJson object at 0x112df2400>, <snowplow_tracker.self_describing_json.SelfDescribingJson object at 0x113d74460>, <snowplow_tracker.self_describing_json.SelfDescribingJson object at 0x113be7340>]}
[0m20:20:18.158907 [debug] [MainThread]: Flushing usage events
[0m20:20:18.725589 [debug] [MainThread]: An error was encountered while trying to flush usage events
[0m13:49:26.964969 [debug] [MainThread]: Sending event: {'category': 'dbt', 'action': 'invocation', 'label': 'start', 'context': [<snowplow_tracker.self_describing_json.SelfDescribingJson object at 0x1122bd4c0>, <snowplow_tracker.self_describing_json.SelfDescribingJson object at 0x1135bbca0>, <snowplow_tracker.self_describing_json.SelfDescribingJson object at 0x1135bbe50>]}


============================== 13:49:26.974340 | 1b86dfdd-a56f-4027-9f56-9818cd167583 ==============================
[0m13:49:26.974340 [info ] [MainThread]: Running with dbt=1.9.0
[0m13:49:26.975334 [debug] [MainThread]: running dbt with arguments {'printer_width': '80', 'indirect_selection': 'eager', 'write_json': 'True', 'log_cache_events': 'False', 'partial_parse': 'True', 'cache_selected_only': 'False', 'warn_error': 'None', 'fail_fast': 'False', 'version_check': 'True', 'log_path': '/Users/nuri/Documents/Projects/dbt-studio/assets/dbt_sample/logs', 'profiles_dir': '/Users/nuri/Documents/Projects/dbt-studio/assets/dbt_sample', 'debug': 'False', 'use_colors': 'True', 'use_experimental_parser': 'False', 'no_print': 'None', 'quiet': 'False', 'empty': 'None', 'warn_error_options': 'WarnErrorOptions(include=[], exclude=[])', 'invocation_command': 'dbt ', 'static_parser': 'True', 'log_format': 'default', 'target_path': 'None', 'introspect': 'True', 'send_anonymous_usage_stats': 'True'}
[0m13:49:27.153267 [debug] [MainThread]: Sending event: {'category': 'dbt', 'action': 'project_id', 'label': '1b86dfdd-a56f-4027-9f56-9818cd167583', 'context': [<snowplow_tracker.self_describing_json.SelfDescribingJson object at 0x113572ca0>]}
[0m13:49:27.217398 [info ] [MainThread]: Warning: No packages were found in packages.yml
[0m13:49:27.219532 [info ] [MainThread]: Warning: No packages were found in packages.yml
[0m13:49:27.230561 [debug] [MainThread]: Resource report: {"command_name": "deps", "command_success": true, "command_wall_clock_time": 0.40143776, "process_in_blocks": "0", "process_kernel_time": 0.382409, "process_mem_max_rss": "91250688", "process_out_blocks": "0", "process_user_time": 2.078792}
[0m13:49:27.231743 [debug] [MainThread]: Command `cli deps` succeeded at 13:49:27.231544 after 0.40 seconds
[0m13:49:27.232387 [debug] [MainThread]: Sending event: {'category': 'dbt', 'action': 'invocation', 'label': 'end', 'context': [<snowplow_tracker.self_describing_json.SelfDescribingJson object at 0x1122bd4c0>, <snowplow_tracker.self_describing_json.SelfDescribingJson object at 0x1136f3760>, <snowplow_tracker.self_describing_json.SelfDescribingJson object at 0x11370ef40>]}
[0m13:49:27.233051 [debug] [MainThread]: Flushing usage events
[0m13:49:34.019058 [debug] [MainThread]: An error was encountered while trying to flush usage events
[0m14:29:36.414933 [debug] [MainThread]: Sending event: {'category': 'dbt', 'action': 'invocation', 'label': 'start', 'context': [<snowplow_tracker.self_describing_json.SelfDescribingJson object at 0x10982f430>, <snowplow_tracker.self_describing_json.SelfDescribingJson object at 0x10ab2cb50>, <snowplow_tracker.self_describing_json.SelfDescribingJson object at 0x10ab2cd00>]}


============================== 14:29:36.422339 | 1a82b527-48f6-4aae-b130-12173b8e7541 ==============================
[0m14:29:36.422339 [info ] [MainThread]: Running with dbt=1.9.0
[0m14:29:36.423611 [debug] [MainThread]: running dbt with arguments {'printer_width': '80', 'indirect_selection': 'eager', 'write_json': 'True', 'log_cache_events': 'False', 'partial_parse': 'True', 'cache_selected_only': 'False', 'profiles_dir': '/Users/nuri/Documents/Projects/dbt-studio/assets/dbt_sample', 'debug': 'False', 'version_check': 'True', 'log_path': '/Users/nuri/Documents/Projects/dbt-studio/assets/dbt_sample/logs', 'fail_fast': 'False', 'warn_error': 'None', 'use_colors': 'True', 'use_experimental_parser': 'False', 'empty': 'None', 'quiet': 'False', 'no_print': 'None', 'warn_error_options': 'WarnErrorOptions(include=[], exclude=[])', 'static_parser': 'True', 'invocation_command': 'dbt ', 'log_format': 'default', 'target_path': 'None', 'introspect': 'True', 'send_anonymous_usage_stats': 'True'}
[0m14:29:36.633293 [debug] [MainThread]: Sending event: {'category': 'dbt', 'action': 'project_id', 'label': '1a82b527-48f6-4aae-b130-12173b8e7541', 'context': [<snowplow_tracker.self_describing_json.SelfDescribingJson object at 0x10abccca0>]}
[0m14:29:36.676401 [info ] [MainThread]: Warning: No packages were found in packages.yml
[0m14:29:36.678485 [info ] [MainThread]: Warning: No packages were found in packages.yml
[0m14:29:36.683713 [debug] [MainThread]: Resource report: {"command_name": "deps", "command_success": true, "command_wall_clock_time": 0.3833262, "process_in_blocks": "0", "process_kernel_time": 0.356858, "process_mem_max_rss": "91189248", "process_out_blocks": "0", "process_user_time": 1.99986}
[0m14:29:36.684497 [debug] [MainThread]: Command `cli deps` succeeded at 14:29:36.684325 after 0.38 seconds
[0m14:29:36.685065 [debug] [MainThread]: Sending event: {'category': 'dbt', 'action': 'invocation', 'label': 'end', 'context': [<snowplow_tracker.self_describing_json.SelfDescribingJson object at 0x10982f430>, <snowplow_tracker.self_describing_json.SelfDescribingJson object at 0x10ac5f490>, <snowplow_tracker.self_describing_json.SelfDescribingJson object at 0x10abccca0>]}
[0m14:29:36.685667 [debug] [MainThread]: Flushing usage events
[0m14:29:37.290470 [debug] [MainThread]: An error was encountered while trying to flush usage events
[0m18:37:10.279817 [debug] [MainThread]: Sending event: {'category': 'dbt', 'action': 'invocation', 'label': 'start', 'context': [<snowplow_tracker.self_describing_json.SelfDescribingJson object at 0x103699430>, <snowplow_tracker.self_describing_json.SelfDescribingJson object at 0x104997b50>, <snowplow_tracker.self_describing_json.SelfDescribingJson object at 0x104997d00>]}


============================== 18:37:10.309078 | 1d61f7c0-8c6e-4907-ba1f-2999874d5e48 ==============================
[0m18:37:10.309078 [info ] [MainThread]: Running with dbt=1.9.0
[0m18:37:10.310432 [debug] [MainThread]: running dbt with arguments {'printer_width': '80', 'indirect_selection': 'eager', 'write_json': 'True', 'log_cache_events': 'False', 'partial_parse': 'True', 'cache_selected_only': 'False', 'warn_error': 'None', 'version_check': 'True', 'profiles_dir': '/Users/nuri/Documents/Projects/dbt-studio/assets/dbt_sample', 'log_path': '/Users/nuri/Documents/Projects/dbt-studio/assets/dbt_sample/logs', 'debug': 'False', 'fail_fast': 'False', 'use_colors': 'True', 'use_experimental_parser': 'False', 'no_print': 'None', 'quiet': 'False', 'empty': 'None', 'warn_error_options': 'WarnErrorOptions(include=[], exclude=[])', 'introspect': 'True', 'static_parser': 'True', 'invocation_command': 'dbt ', 'target_path': 'None', 'log_format': 'default', 'send_anonymous_usage_stats': 'True'}
[0m18:37:10.885451 [debug] [MainThread]: Sending event: {'category': 'dbt', 'action': 'project_id', 'label': '1d61f7c0-8c6e-4907-ba1f-2999874d5e48', 'context': [<snowplow_tracker.self_describing_json.SelfDescribingJson object at 0x1049f01f0>]}
[0m18:37:11.093381 [info ] [MainThread]: Warning: No packages were found in packages.yml
[0m18:37:11.098254 [info ] [MainThread]: Warning: No packages were found in packages.yml
[0m18:37:11.145578 [debug] [MainThread]: Resource report: {"command_name": "deps", "command_success": true, "command_wall_clock_time": 1.2263154, "process_in_blocks": "0", "process_kernel_time": 0.990348, "process_mem_max_rss": "91127808", "process_out_blocks": "0", "process_user_time": 4.841687}
[0m18:37:11.147184 [debug] [MainThread]: Command `cli deps` succeeded at 18:37:11.146827 after 1.23 seconds
[0m18:37:11.152856 [debug] [MainThread]: Sending event: {'category': 'dbt', 'action': 'invocation', 'label': 'end', 'context': [<snowplow_tracker.self_describing_json.SelfDescribingJson object at 0x103699430>, <snowplow_tracker.self_describing_json.SelfDescribingJson object at 0x104ad0490>, <snowplow_tracker.self_describing_json.SelfDescribingJson object at 0x1049f01f0>]}
[0m18:37:11.160159 [debug] [MainThread]: Flushing usage events
[0m18:37:12.225863 [debug] [MainThread]: An error was encountered while trying to flush usage events
[0m19:16:13.720092 [debug] [MainThread]: Sending event: {'category': 'dbt', 'action': 'invocation', 'label': 'start', 'context': [<snowplow_tracker.self_describing_json.SelfDescribingJson object at 0x107a6e3a0>, <snowplow_tracker.self_describing_json.SelfDescribingJson object at 0x1088b6be0>, <snowplow_tracker.self_describing_json.SelfDescribingJson object at 0x1088b6d90>]}


============================== 19:16:13.733506 | 25ede15f-22e0-4c6e-990f-20eef2432a31 ==============================
[0m19:16:13.733506 [info ] [MainThread]: Running with dbt=1.9.0
[0m19:16:13.734594 [debug] [MainThread]: running dbt with arguments {'printer_width': '80', 'indirect_selection': 'eager', 'log_cache_events': 'False', 'write_json': 'True', 'partial_parse': 'True', 'cache_selected_only': 'False', 'warn_error': 'None', 'debug': 'False', 'fail_fast': 'False', 'log_path': '/Users/nuri/Documents/Projects/dbt-studio/assets/dbt_sample/logs', 'profiles_dir': '/Users/nuri/Documents/Projects/dbt-studio/assets/dbt_sample', 'version_check': 'True', 'use_colors': 'True', 'use_experimental_parser': 'False', 'no_print': 'None', 'quiet': 'False', 'empty': 'None', 'log_format': 'default', 'introspect': 'True', 'warn_error_options': 'WarnErrorOptions(include=[], exclude=[])', 'static_parser': 'True', 'target_path': 'None', 'invocation_command': 'dbt ', 'send_anonymous_usage_stats': 'True'}
[0m19:16:13.891665 [debug] [MainThread]: Sending event: {'category': 'dbt', 'action': 'project_id', 'label': '25ede15f-22e0-4c6e-990f-20eef2432a31', 'context': [<snowplow_tracker.self_describing_json.SelfDescribingJson object at 0x108875e20>]}
[0m19:16:14.013472 [info ] [MainThread]: Warning: No packages were found in packages.yml
[0m19:16:14.016348 [info ] [MainThread]: Warning: No packages were found in packages.yml
[0m19:16:14.033511 [debug] [MainThread]: Resource report: {"command_name": "deps", "command_success": true, "command_wall_clock_time": 0.48741555, "process_in_blocks": "0", "process_kernel_time": 0.477997, "process_mem_max_rss": "91643904", "process_out_blocks": "0", "process_user_time": 2.409608}
[0m19:16:14.034339 [debug] [MainThread]: Command `cli deps` succeeded at 19:16:14.034168 after 0.49 seconds
[0m19:16:14.034936 [debug] [MainThread]: Sending event: {'category': 'dbt', 'action': 'invocation', 'label': 'end', 'context': [<snowplow_tracker.self_describing_json.SelfDescribingJson object at 0x107a6e3a0>, <snowplow_tracker.self_describing_json.SelfDescribingJson object at 0x1089ea400>, <snowplow_tracker.self_describing_json.SelfDescribingJson object at 0x108875e20>]}
[0m19:16:14.035580 [debug] [MainThread]: Flushing usage events
[0m19:16:14.833847 [debug] [MainThread]: An error was encountered while trying to flush usage events
[0m19:28:39.554224 [debug] [MainThread]: Sending event: {'category': 'dbt', 'action': 'invocation', 'label': 'start', 'context': [<snowplow_tracker.self_describing_json.SelfDescribingJson object at 0x108146460>, <snowplow_tracker.self_describing_json.SelfDescribingJson object at 0x108f8fc70>, <snowplow_tracker.self_describing_json.SelfDescribingJson object at 0x108f8fe20>]}


============================== 19:28:39.562657 | 69b9ce08-c61d-4895-9407-f581666d12f3 ==============================
[0m19:28:39.562657 [info ] [MainThread]: Running with dbt=1.9.0
[0m19:28:39.563505 [debug] [MainThread]: running dbt with arguments {'printer_width': '80', 'indirect_selection': 'eager', 'write_json': 'True', 'log_cache_events': 'False', 'partial_parse': 'True', 'cache_selected_only': 'False', 'warn_error': 'None', 'fail_fast': 'False', 'profiles_dir': '/Users/nuri/Documents/Projects/dbt-studio/assets/dbt_sample', 'log_path': '/Users/nuri/Documents/Projects/dbt-studio/assets/dbt_sample/logs', 'debug': 'False', 'version_check': 'True', 'use_colors': 'True', 'use_experimental_parser': 'False', 'empty': 'None', 'quiet': 'False', 'no_print': 'None', 'log_format': 'default', 'static_parser': 'True', 'invocation_command': 'dbt ', 'warn_error_options': 'WarnErrorOptions(include=[], exclude=[])', 'target_path': 'None', 'introspect': 'True', 'send_anonymous_usage_stats': 'True'}
[0m19:28:39.756562 [debug] [MainThread]: Sending event: {'category': 'dbt', 'action': 'project_id', 'label': '69b9ce08-c61d-4895-9407-f581666d12f3', 'context': [<snowplow_tracker.self_describing_json.SelfDescribingJson object at 0x108f79220>]}
[0m19:28:39.793181 [info ] [MainThread]: Warning: No packages were found in packages.yml
[0m19:28:39.794930 [info ] [MainThread]: Warning: No packages were found in packages.yml
[0m19:28:39.799257 [debug] [MainThread]: Resource report: {"command_name": "deps", "command_success": true, "command_wall_clock_time": 0.38392895, "process_in_blocks": "0", "process_kernel_time": 0.365211, "process_mem_max_rss": "91283456", "process_out_blocks": "0", "process_user_time": 1.911112}
[0m19:28:39.799937 [debug] [MainThread]: Command `cli deps` succeeded at 19:28:39.799795 after 0.38 seconds
[0m19:28:39.800561 [debug] [MainThread]: Sending event: {'category': 'dbt', 'action': 'invocation', 'label': 'end', 'context': [<snowplow_tracker.self_describing_json.SelfDescribingJson object at 0x108146460>, <snowplow_tracker.self_describing_json.SelfDescribingJson object at 0x1090c34c0>, <snowplow_tracker.self_describing_json.SelfDescribingJson object at 0x108f79220>]}
[0m19:28:39.801061 [debug] [MainThread]: Flushing usage events
[0m19:28:40.607552 [debug] [MainThread]: An error was encountered while trying to flush usage events
